# Bake Begins!
### (1 of 6) Copy sources
$ cp -a /home/travis/build/fontdirectory/miama/METADATA.json /home/travis/build/fontdirectory/miama/builds/build
$ cp -a /home/travis/build/fontdirectory/miama/DESCRIPTION.en_us.html /home/travis/build/fontdirectory/miama/builds/build
$ cp -a Miama-Regular.ttf.ttx src/Miama.ttf.ttx src/Miama.otf.ttx src/Miama.sfd src/Miama-Regular-TTF.sfd Miama-Regular.ttf._g_a_s_p.ttx Miama-Regular.ttf._g_l_y_f.ttx Miama-Regular.ttf._h_m_t_x.ttx Miama-Regular.ttf._k_e_r_n.ttx Miama-Regular.ttf._l_o_c_a.ttx Miama-Regular.ttf._m_a_x_p.ttx Miama-Regular.ttf.O_S_2f_2.ttx Miama-Regular.ttf._p_o_s_t.ttx Miama-Regular.ttf.GlyphOrder.ttx Miama-Regular.ttf._c_m_a_p.ttx Miama-Regular.ttf._n_a_m_e.ttx Miama-Regular.ttf._h_h_e_a.ttx Miama-Regular.ttf._p_r_e_p.ttx Miama-Regular.ttf.F_F_T_M_.ttx Miama-Regular.ttf._h_e_a_d.ttx src/Miama.ttf._c_m_a_p.ttx src/Miama.ttf._p_o_s_t.ttx src/Miama.ttf.G_D_E_F_.ttx src/Miama.ttf._l_o_c_a.ttx src/Miama.ttf._h_h_e_a.ttx src/Miama.ttf.G_P_O_S_.ttx src/Miama.ttf._n_a_m_e.ttx src/Miama.ttf.G_S_U_B_.ttx src/Miama.ttf._g_a_s_p.ttx src/Miama.ttf.F_F_T_M_.ttx src/Miama.ttf._m_a_x_p.ttx src/Miama.ttf._h_e_a_d.ttx src/Miama.ttf._c_v_t.ttx src/Miama.ttf._h_m_t_x.ttx src/Miama.ttf.GlyphOrder.ttx src/Miama.ttf._g_l_y_f.ttx src/Miama.ttf.O_S_2f_2.ttx src/Miama.otf._h_m_t_x.ttx src/Miama.otf._c_m_a_p.ttx src/Miama.otf.G_D_E_F_.ttx src/Miama.otf.O_S_2f_2.ttx src/Miama.otf._n_a_m_e.ttx src/Miama.otf.C_F_F_.ttx src/Miama.otf._p_o_s_t.ttx src/Miama.otf.GlyphOrder.ttx src/Miama.otf._h_h_e_a.ttx src/Miama.otf._m_a_x_p.ttx src/Miama.otf.G_P_O_S_.ttx src/Miama.otf.G_S_U_B_.ttx src/Miama.otf._h_e_a_d.ttx src/Miama.otf.F_F_T_M_.ttx src/Miama.ttf._c_m_a_p.ttx src/Miama.ttf._p_o_s_t.ttx src/Miama.otf._h_m_t_x.ttx src/Miama.ttf.ttx src/Miama.ttf.G_D_E_F_.ttx src/Miama.ttf._l_o_c_a.ttx src/Miama.ttf._h_h_e_a.ttx src/Miama.ttf.G_P_O_S_.ttx src/Miama.ttf._n_a_m_e.ttx src/Miama.ttf.G_S_U_B_.ttx src/Miama.otf._c_m_a_p.ttx src/Miama.ttf._g_a_s_p.ttx src/Miama.otf.G_D_E_F_.ttx src/Miama.ttf.F_F_T_M_.ttx src/Miama.otf.O_S_2f_2.ttx src/Miama.ttf._m_a_x_p.ttx src/Miama.ttf._h_e_a_d.ttx src/Miama.otf._n_a_m_e.ttx src/Miama.ttf._c_v_t.ttx src/Miama.otf.C_F_F_.ttx src/Miama.ttf._h_m_t_x.ttx src/Miama.ttf.GlyphOrder.ttx src/Miama.otf._p_o_s_t.ttx src/Miama.otf.GlyphOrder.ttx src/Miama.otf._h_h_e_a.ttx src/Miama.ttf._g_l_y_f.ttx src/Miama.otf._m_a_x_p.ttx src/Miama.otf.G_P_O_S_.ttx src/Miama.otf.G_S_U_B_.ttx src/Miama.otf.ttx src/Miama.otf._h_e_a_d.ttx src/Miama.ttf.O_S_2f_2.ttx src/Miama.otf.F_F_T_M_.ttx /home/travis/build/fontdirectory/miama/builds/build/sources
### (2 of 6) pyfontaine
### (3 of 6) Run upstream tests
$ fontbakery-check.py upstream-repo sources
$ fontaine --collections subsets --text /home/travis/build/fontdirectory/miama/builds/build/sources/Miama.ttf.ttx /home/travis/build/fontdirectory/miama/builds/build/sources/Miama-Regular.ttf.ttx /home/travis/build/fontdirectory/miama/builds/build/sources/Miama.otf.ttx /home/travis/build/fontdirectory/miama/builds/build/sources/Miama.sfd /home/travis/build/fontdirectory/miama/builds/build/sources/Miama-Regular-TTF.sfd > fontaine.txt
WARNING: Please install [PyICU](https://pypi.python.org/pypi/PyICU) toenable [feature], perhaps with: pip install pyicu
pyfontaine error: Not a TrueType or OpenType font (bad sfntVersion)
pyfontaine process has been failed
bakery_lint.tests.upstream.test_prepolation.FontTestPrepolation.test_font_prepolation_glyph_contours(): OK
bakery_lint.tests.upstream.test_prepolation.FontTestPrepolation.test_font_prepolation_glyph_points(): OK
bakery_lint.tests.upstream.test_prepolation.FontTestPrepolation.test_font_test_prepolation_glyph_names(): OK
bakery_lint.tests.upstream.test_check_upstream_sources.ProjectUpstreamTestCase.test_bakery_yaml_exists(): OK
bakery_lint.tests.upstream.test_check_upstream_sources.ProjectUpstreamTestCase.test_copyright_notices_same_across_family(): OK
bakery_lint.tests.upstream.test_check_upstream_sources.ProjectUpstreamTestCase.test_description_html_exists(): OK
bakery_lint.tests.upstream.test_check_upstream_sources.ProjectUpstreamTestCase.test_fontlog_txt_exists(): FAIL
bakery_lint.tests.upstream.test_check_upstream_sources.ProjectUpstreamTestCase.test_metadata_json_exists(): OK
bakery_lint.tests.upstream.test_diacritic.TestDiacritic.test_diacritic_made_as_component(): OK
bakery_lint.tests.upstream.test_diacritic.TestDiacritic.test_diacritic_made_as_mark_to_mark(): OK
bakery_lint.tests.upstream.test_diacritic.TestDiacritic.test_diacritic_made_as_own_glyphs(): OK
$ fontbakery-check.py upstream-ttx Miama.ttf.ttx
bakery_lint.tests.upstream.test_check_ttx_requirements.SourceTTXTest.test_epar_in_keys(): FAIL
bakery_lint.tests.upstream.test_check_ttx_requirements.SourceTTXTest.test_os2_in_keys(): OK
bakery_lint.tests.upstream.test_check_ttx_requirements.SourceTTXTest.test_ttx_doesnt_contain_duplicate_glyphs(): OK
bakery_lint.tests.upstream.test_glyphname_does_not_contain_disallowed_chars.TestGlyphNameDoesNotContainsDisallowedChars.test_glyphname_does_not_contain_disallowed_chars(): FAIL
bakery_lint.tests.upstream.test_check_ttx_fontfamily_recommendations.TTX_FontFamilyNamingTest.test_ttx_family_naming_recommendation(): OK
bakery_lint.tests.upstream.test_font_filename_eq_familystyle.TestTTFSourceFontFileNameEqualsFamilyStyle.test_source_ttf_font_filename_equals_familystyle(): FAIL
$ mv /home/travis/build/fontdirectory/miama/builds/build/sources/Miama.ttf.ttx /home/travis/build/fontdirectory/miama/builds/build/sources/Miama-Regular.ttx
bakery_lint.tests.upstream.test_font_filename_eq_familystyle.TestTTFSourceFontFileNameEqualsFamilyStyle.test_source_ttf_font_filename_equals_familystyle(): OK
$ fontbakery-check.py upstream-ttx Miama-Regular.ttf.ttx
bakery_lint.tests.upstream.test_check_ttx_requirements.SourceTTXTest.test_epar_in_keys(): FAIL
bakery_lint.tests.upstream.test_check_ttx_requirements.SourceTTXTest.test_os2_in_keys(): OK
bakery_lint.tests.upstream.test_check_ttx_requirements.SourceTTXTest.test_ttx_doesnt_contain_duplicate_glyphs(): OK
bakery_lint.tests.upstream.test_glyphname_does_not_contain_disallowed_chars.TestGlyphNameDoesNotContainsDisallowedChars.test_glyphname_does_not_contain_disallowed_chars(): FAIL
bakery_lint.tests.upstream.test_check_ttx_fontfamily_recommendations.TTX_FontFamilyNamingTest.test_ttx_family_naming_recommendation(): OK
bakery_lint.tests.upstream.test_font_filename_eq_familystyle.TestTTFSourceFontFileNameEqualsFamilyStyle.test_source_ttf_font_filename_equals_familystyle(): FAIL
$ mv /home/travis/build/fontdirectory/miama/builds/build/sources/Miama-Regular.ttf.ttx /home/travis/build/fontdirectory/miama/builds/build/sources/Miama-Regular.ttx
bakery_lint.tests.upstream.test_font_filename_eq_familystyle.TestTTFSourceFontFileNameEqualsFamilyStyle.test_source_ttf_font_filename_equals_familystyle(): OK
$ fontbakery-check.py upstream-ttx Miama.otf.ttx
bakery_lint.tests.upstream.test_check_ttx_requirements.SourceTTXTest.test_epar_in_keys(): FAIL
bakery_lint.tests.upstream.test_check_ttx_requirements.SourceTTXTest.test_os2_in_keys(): OK
bakery_lint.tests.upstream.test_check_ttx_requirements.SourceTTXTest.test_ttx_doesnt_contain_duplicate_glyphs(): OK
bakery_lint.tests.upstream.test_glyphname_does_not_contain_disallowed_chars.TestGlyphNameDoesNotContainsDisallowedChars.test_glyphname_does_not_contain_disallowed_chars(): OK
bakery_lint.tests.upstream.test_check_ttx_fontfamily_recommendations.TTX_FontFamilyNamingTest.test_ttx_family_naming_recommendation(): OK
bakery_lint.tests.upstream.test_font_filename_eq_familystyle.TestTTFSourceFontFileNameEqualsFamilyStyle.test_source_ttf_font_filename_equals_familystyle(): FAIL
$ mv /home/travis/build/fontdirectory/miama/builds/build/sources/Miama.otf.ttx /home/travis/build/fontdirectory/miama/builds/build/sources/Miama-Regular.ttx
bakery_lint.tests.upstream.test_font_filename_eq_familystyle.TestTTFSourceFontFileNameEqualsFamilyStyle.test_source_ttf_font_filename_equals_familystyle(): OK
$ fontbakery-check.py upstream Miama.sfd
bakery_lint.tests.upstream.test_contour_count.TestContourCount.test_contour_count(): ERROR
bakery_lint.tests.upstream.test_unicode_value_should_appear_only_once_per_font.UnicodeValueShouldAppearOnlyOnce.testUnicodeValue(): ERROR
bakery_lint.tests.upstream.test_check_ufo_fontfamily_recommendations.TestUFOFontFamilyNamingTest.test_familyname_less_than_32_chars(): OK
bakery_lint.tests.upstream.test_check_ufo_fontfamily_recommendations.TestUFOFontFamilyNamingTest.test_fullfontname_less_than_64_chars(): OK
bakery_lint.tests.upstream.test_check_ufo_fontfamily_recommendations.TestUFOFontFamilyNamingTest.test_postscriptname_consistof_allowed_chars(): OK
bakery_lint.tests.upstream.test_check_ufo_fontfamily_recommendations.TestUFOFontFamilyNamingTest.test_postscriptname_less_than_30_chars(): OK
bakery_lint.tests.upstream.test_check_ufo_fontfamily_recommendations.TestUFOFontFamilyNamingTest.test_stylename_less_than_32_chars(): OK
bakery_lint.tests.upstream.test_check_ufo_fontfamily_recommendations.TestUFOFontFamilyNamingTest.test_weight_value_range_between_250_and_900(): OK
bakery_lint.tests.upstream.test_font_filename_eq_familystyle.TestTTFSourceFontFileNameEqualsFamilyStyle.test_source_ttf_font_filename_equals_familystyle(): ERROR
bakery_lint.tests.upstream.test_check_ufo_requirements.UfoOpenTest.test_has_rupee(): ERROR
bakery_lint.tests.upstream.test_check_ufo_requirements.UfoOpenTest.test_is_A(): ERROR
bakery_lint.tests.upstream.test_check_ufo_requirements.UfoOpenTest.test_is_A_a_glyph_instance(): ERROR
bakery_lint.tests.upstream.test_check_ufo_requirements.UfoOpenTest.test_is_ended_ufo(): ERROR
bakery_lint.tests.upstream.test_check_ufo_requirements.UfoOpenTest.test_is_folder(): ERROR
bakery_lint.tests.upstream.test_check_ufo_requirements.UfoOpenTest.test_is_fsType_eq_1(): ERROR
bakery_lint.tests.upstream.test_check_ufo_requirements.UfoOpenTest.test_it_exists(): ERROR
$ fontbakery-check.py upstream Miama-Regular-TTF.sfd
bakery_lint.tests.upstream.test_contour_count.TestContourCount.test_contour_count(): ERROR
bakery_lint.tests.upstream.test_unicode_value_should_appear_only_once_per_font.UnicodeValueShouldAppearOnlyOnce.testUnicodeValue(): ERROR
bakery_lint.tests.upstream.test_check_ufo_fontfamily_recommendations.TestUFOFontFamilyNamingTest.test_familyname_less_than_32_chars(): OK
bakery_lint.tests.upstream.test_check_ufo_fontfamily_recommendations.TestUFOFontFamilyNamingTest.test_fullfontname_less_than_64_chars(): OK
bakery_lint.tests.upstream.test_check_ufo_fontfamily_recommendations.TestUFOFontFamilyNamingTest.test_postscriptname_consistof_allowed_chars(): OK
bakery_lint.tests.upstream.test_check_ufo_fontfamily_recommendations.TestUFOFontFamilyNamingTest.test_postscriptname_less_than_30_chars(): OK
bakery_lint.tests.upstream.test_check_ufo_fontfamily_recommendations.TestUFOFontFamilyNamingTest.test_stylename_less_than_32_chars(): OK
bakery_lint.tests.upstream.test_check_ufo_fontfamily_recommendations.TestUFOFontFamilyNamingTest.test_weight_value_range_between_250_and_900(): OK
bakery_lint.tests.upstream.test_font_filename_eq_familystyle.TestTTFSourceFontFileNameEqualsFamilyStyle.test_source_ttf_font_filename_equals_familystyle(): ERROR
bakery_lint.tests.upstream.test_check_ufo_requirements.UfoOpenTest.test_has_rupee(): ERROR
bakery_lint.tests.upstream.test_check_ufo_requirements.UfoOpenTest.test_is_A(): ERROR
bakery_lint.tests.upstream.test_check_ufo_requirements.UfoOpenTest.test_is_A_a_glyph_instance(): ERROR
bakery_lint.tests.upstream.test_check_ufo_requirements.UfoOpenTest.test_is_ended_ufo(): ERROR
bakery_lint.tests.upstream.test_check_ufo_requirements.UfoOpenTest.test_is_folder(): ERROR
bakery_lint.tests.upstream.test_check_ufo_requirements.UfoOpenTest.test_is_fsType_eq_1(): ERROR
bakery_lint.tests.upstream.test_check_ufo_requirements.UfoOpenTest.test_it_exists(): ERROR
### (4 of 6) Convert sources to TTF
$ ttx -d /home/travis/build/fontdirectory/miama/builds/build /home/travis/build/fontdirectory/miama/builds/build/sources/Miama-Regular.ttx
$ fontbakery-build-font2ttf.py sources/Miama-Regular.otf Miama-Regular.ttf
The glyph named Delta is mapped to U+0394.
But its name indicates it should be mapped to U+2206.
The glyph named Omega is mapped to U+03A9.
But its name indicates it should be mapped to U+2126.
The glyph named mu is mapped to U+03BC.
But its name indicates it should be mapped to U+00B5.
Success: Generated OpenType-TTF (/home/travis/build/fontdirectory/miama/builds/build/Miama-Regular.ttf)
strippedname:/home/travis/build/fontdirectory/miama/builds/build/sources/Miama.sfd
strippedname:/home/travis/build/fontdirectory/miama/builds/build/sources/Miama-Regular-TTF.sfd
Compiling "/home/travis/build/fontdirectory/miama/builds/build/sources/Miama-Regular.ttx" to "/home/travis/build/fontdirectory/miama/builds/build/Miama-Regular.otf"...
Parsing 'GlyphOrder' table...
Parsing 'head' table...
Parsing 'hhea' table...
Parsing 'maxp' table...
Parsing 'OS/2' table...
Parsing 'name' table...
Parsing 'cmap' table...
Parsing 'post' table...
Parsing 'CFF ' table...
Parsing 'FFTM' table...
Parsing 'GDEF' table...
Parsing 'GPOS' table...
Parsing 'GSUB' table...
Parsing 'hmtx' table...
strippedname:/home/travis/build/fontdirectory/miama/builds/build/Miama-Regular.otf
### Test Miama-Regular.ttf
$ fontbakery-check.py result Miama-Regular.ttf
bakery_lint.tests.downstream.test_check_font_agreements.CheckFsTypeIsNotSet.test_is_fstype_not_set(): FAIL
$ fontbakery-fix-fstype.py --autofix /home/travis/build/fontdirectory/miama/builds/build/Miama-Regular.ttf
$ mv /home/travis/build/fontdirectory/miama/builds/build/Miama-Regular.ttf.fix /home/travis/build/fontdirectory/miama/builds/build/Miama-Regular.ttf
bakery_lint.tests.downstream.test_check_font_agreements.CheckFsTypeIsNotSet.test_is_fstype_not_set(): OK
$ fontbakery-fix-fstype.py --autofix /home/travis/build/fontdirectory/miama/builds/build/Miama-Regular.ttf
$ mv /home/travis/build/fontdirectory/miama/builds/build/Miama-Regular.ttf.fix /home/travis/build/fontdirectory/miama/builds/build/Miama-Regular.ttf
bakery_lint.tests.downstream.test_check_font_agreements.CheckFontAgreements.test_em_is_1000(): OK
bakery_lint.tests.downstream.test_check_font_agreements.CheckFontAgreements.test_font_is_font(): OK
bakery_lint.tests.downstream.test_check_font_agreements.CheckFontAgreements.test_latin_file_exists(): FAIL
bakery_lint.tests.downstream.test_check_font_agreements.CheckFontAgreements.test_menu_file_exists(): FAIL
bakery_lint.tests.downstream.test_check_unencoded_glyph.TestFontUnencodedGlyph.test_font_unencoded_glyphs(): FAIL
$ fontbakery-fix-glyph-private-encoding.py --autofix /home/travis/build/fontdirectory/miama/builds/build/Miama-Regular.ttf
$ mv /home/travis/build/fontdirectory/miama/builds/build/Miama-Regular.ttf.fix /home/travis/build/fontdirectory/miama/builds/build/Miama-Regular.ttf
bakery_lint.tests.downstream.test_check_unencoded_glyph.TestFontUnencodedGlyph.test_font_unencoded_glyphs(): FAIL
bakery_lint.tests.downstream.test_check_name_table_recommendation.CheckStyleNameRecommendation.test_check_stylename_is_under_recommendations(): OK
bakery_lint.tests.downstream.test_check_name_table_recommendation.CheckOTFamilyNameRecommendation.test_check_opentype_familyname(): OK
bakery_lint.tests.downstream.test_check_name_table_recommendation.CheckOTStyleNameRecommendation.test_check_opentype_stylename(): OK
bakery_lint.tests.downstream.test_check_name_table_recommendation.CheckOTFullNameRecommendation.test_check_opentype_fullname(): FAIL
$ fontbakery-fix-opentype-names.py /home/travis/build/fontdirectory/miama/builds/build/Miama-Regular.ttf
$ mv /home/travis/build/fontdirectory/miama/builds/build/Miama-Regular.ttf.fix /home/travis/build/fontdirectory/miama/builds/build/Miama-Regular.ttf
bakery_lint.tests.downstream.test_check_name_table_recommendation.CheckOTFullNameRecommendation.test_check_opentype_fullname(): OK
bakery_lint.tests.downstream.test_check_upm_heights_less_120.TestCheckUPMHeightsLess120.test_check_upm_heigths_less_120(): FAIL
bakery_lint.tests.downstream.test_check_vertical_metrics.CheckVerticalLinegapMetrics.test_metrics_linegaps_are_zero(): FAIL
$ fontbakery-fix-vertical-metrics.py --autofix /home/travis/build/fontdirectory/miama/builds/build/Miama-Regular.ttf
$ mv /home/travis/build/fontdirectory/miama/builds/build/Miama-Regular.ttf.fix /home/travis/build/fontdirectory/miama/builds/build/Miama-Regular.ttf
$ fontbakery-fix-vertical-metrics.py /home/travis/build/fontdirectory/miama/builds/build/Miama-Regular.ttf
Parameter              Miama-Regular.ttf    
ymax                   857                  
hhea.ascent            857                  
OS/2.sTypoAscender     857                  
OS/2.usWinAscent       857                  
ymin                   -706                 
hhea.descent           -706                 
OS/2.sTypoDescender    -706                 
OS/2.usWinDescent      706                  
hhea.lineGap           0                    
OS/2.sTypoLineGap      0                    
hhea total             1563                 
typo total             1563                 
win total              1563                 
UPM:Heights            1000:1563            
UPM:Heights %          156 %                


bakery_lint.tests.downstream.test_check_vertical_metrics.CheckVerticalLinegapMetrics.test_metrics_linegaps_are_zero(): OK
bakery_lint.tests.downstream.test_check_vertical_metrics.CheckVerticalAscentMetrics.test_metrics_ascents_equal_bbox(): OK
bakery_lint.tests.downstream.test_check_vertical_metrics.CheckVerticalDescentMetrics.test_metrics_descents_equal_bbox(): OK
bakery_lint.tests.downstream.test_check_magic_prep_code.CheckMagicPREPByteCode.test_prep_magic_code(): FAIL
bakery_lint.tests.downstream.test_check_glyf_table_length.CheckGlyfTableLength.test_check_glyf_table_length(): FAIL
bakery_lint.tests.downstream.test_check_nbsp_width_matches_sp_width.CheckNbspWidthMatchesSpWidth.test_check_nbsp_width_matches_sp_width(): FAIL
$ fontbakery-fix-nbsp.py /home/travis/build/fontdirectory/miama/builds/build/Miama-Regular.ttf
$ mv /home/travis/build/fontdirectory/miama/builds/build/Miama-Regular.ttf.fix /home/travis/build/fontdirectory/miama/builds/build/Miama-Regular.ttf
bakery_lint.tests.downstream.test_check_nbsp_width_matches_sp_width.CheckNbspWidthMatchesSpWidth.test_check_nbsp_width_matches_sp_width(): FAIL
The following table(s) in the font have been ignored by FontForge
  Ignoring 'DSIG' digital signature table
The glyph named Delta is mapped to U+0394.
But its name indicates it should be mapped to U+2206.
The glyph named Omega is mapped to U+03A9.
But its name indicates it should be mapped to U+2126.
The glyph named mu is mapped to U+03BC.
But its name indicates it should be mapped to U+00B5.
bakery_lint.tests.downstream.test_fontforge_validation_state.FontForgeValidateStateTest.test_allowed_numbers_paths_in_composite_glyphs(): OK
bakery_lint.tests.downstream.test_fontforge_validation_state.FontForgeValidateStateTest.test_allowed_numbers_paths_in_glyphs(): OK
bakery_lint.tests.downstream.test_fontforge_validation_state.FontForgeValidateStateTest.test_allowed_numbers_points_in_composite_glyphs(): OK
bakery_lint.tests.downstream.test_fontforge_validation_state.FontForgeValidateStateTest.test_allowed_numbers_points_in_glyphs(): OK
bakery_lint.tests.downstream.test_fontforge_validation_state.FontForgeValidateStateTest.test_duplicate_glyphs(): OK
bakery_lint.tests.downstream.test_fontforge_validation_state.FontForgeValidateStateTest.test_duplicate_unicode_codepoints(): OK
bakery_lint.tests.downstream.test_fontforge_validation_state.FontForgeValidateStateTest.test_flipped_reference_in_glyphs(): OK
bakery_lint.tests.downstream.test_fontforge_validation_state.FontForgeValidateStateTest.test_missing_anchors(): OK
bakery_lint.tests.downstream.test_fontforge_validation_state.FontForgeValidateStateTest.test_missing_extrema_in_glyphs(): FAIL
bakery_lint.tests.downstream.test_fontforge_validation_state.FontForgeValidateStateTest.test_overlapped_hints(): OK
bakery_lint.tests.downstream.test_fontforge_validation_state.FontForgeValidateStateTest.test_points_are_integer_aligned(): OK
bakery_lint.tests.downstream.test_fontforge_validation_state.FontForgeValidateStateTest.test_points_are_not_too_far_apart(): OK
bakery_lint.tests.downstream.test_fontforge_validation_state.FontForgeValidateStateTest.test_postscript_hasnt_limit_hints_in_glyphs(): OK
bakery_lint.tests.downstream.test_fontforge_validation_state.FontForgeValidateStateTest.test_postscript_hasnt_limit_points_in_glyphs(): OK
bakery_lint.tests.downstream.test_fontforge_validation_state.FontForgeValidateStateTest.test_referenced_glyphs_are_present(): OK
bakery_lint.tests.downstream.test_fontforge_validation_state.FontForgeValidateStateTest.test_valid_glyph_names(): OK
bakery_lint.tests.downstream.test_fontforge_validation_state.FontForgeValidateStateTest.test_valid_length_instructions(): OK
bakery_lint.tests.downstream.test_fontforge_validation_state.FontForgeValidateStateTest.test_validation_glyph_intersect(): FAIL
bakery_lint.tests.downstream.test_fontforge_validation_state.FontForgeValidateStateTest.test_validation_open_contours(): OK
bakery_lint.tests.downstream.test_fontforge_validation_state.FontForgeValidateStateTest.test_wrong_direction_in_glyphs(): OK
bakery_lint.tests.downstream.test_gpos_table_has_kerning_info.CheckGposTableHasKerningInfo.test_gpos_table_has_kerning_info(): ERROR
bakery_lint.tests.downstream.test_check_font_tables.CheckFontHasDsigTable.test_check_font_has_dsig_table(): OK
bakery_lint.tests.downstream.test_check_font_tables.CheckFontHasNotKernTable.test_no_kern_table_exists(): OK
bakery_lint.tests.downstream.test_check_license_included.CheckLicenseIncluded.test_license_included_in_font_names(): OK
bakery_lint.tests.downstream.test_check_no_problematic_formats.CheckNoProblematicFormats.test_check_no_problematic_formats(): OK
bakery_lint.tests.downstream.test_check_full_font_name_begins_with_family_name.CheckFullFontNameBeginsWithFamilyName.test_check_full_font_name_begins_with_family_name(): OK
bakery_lint.tests.downstream.test_check_unused_glyph_data.CheckUnusedGlyphData.test_check_unused_glyph_data(): ERROR
bakery_lint.tests.downstream.test_check_panose_identification.CheckPanoseIdentification.test_check_panose_identification(): OK
bakery_lint.tests.downstream.test_check_names_same_across_platforms.CheckNamesSameAcrossPlatforms.test_check_names_same_across_platforms(): OK
bakery_lint.tests.downstream.test_check_glyph_existence.CheckGlyphExistence.test_euro(): OK
bakery_lint.tests.downstream.test_check_glyph_existence.CheckGlyphExistence.test_nbsp(): OK
bakery_lint.tests.downstream.test_check_glyph_existence.CheckGlyphExistence.test_space(): OK
bakery_lint.tests.downstream.test_gasp_table_value.CheckGaspTableType.test_check_gasp_table_type(): FAIL
$ fontbakery-fix-gasp.py --set=15 /home/travis/build/fontdirectory/miama/builds/build/Miama-Regular.ttf
$ mv /home/travis/build/fontdirectory/miama/builds/build/Miama-Regular.ttf.fix /home/travis/build/fontdirectory/miama/builds/build/Miama-Regular.ttf
bakery_lint.tests.downstream.test_gasp_table_value.CheckGaspTableType.test_check_gasp_table_type(): OK
$ fontbakery-fix-gasp.py --set=15 /home/travis/build/fontdirectory/miama/builds/build/Miama-Regular.ttf
$ mv /home/travis/build/fontdirectory/miama/builds/build/Miama-Regular.ttf.fix /home/travis/build/fontdirectory/miama/builds/build/Miama-Regular.ttf
bakery_lint.tests.downstream.test_names_are_ascii_only.CheckNamesAreASCIIOnly.test_check_names_are_ascii_only(): OK
bakery_lint.tests.downstream.test_check_os2_width_class.CheckOS2WidthClass.test_check_os2_width_class(): OK
bakery_lint.tests.downstream.test_check_fontname_matches_macstyle.CheckFontNameEqualToMacStyleFlags.test_fontname_is_equal_to_macstyle(): FAIL
bakery_lint.tests.downstream.test_check_italic_angle_agreement.CheckItalicAngleAgreement.test_check_italic_angle_agreement(): FAIL
bakery_lint.tests.downstream.test_check_hmtx_hhea_max_advance_width_agreement.CheckHmtxHheaMaxAdvanceWidthAgreement.test_check_hmtx_hhea_max_advance_width_agreement(): OK
### Optimize TTF Miama-Regular.ttf
$ ls -l 'Miama-Regular.ttf'* # look at the size savings of that subset process
Miama-Regular.ttf.opt: 229416 bytes
Miama-Regular.ttf: 246988 bytes
$ mv /home/travis/build/fontdirectory/miama/builds/build/Miama-Regular.ttf.opt /home/travis/build/fontdirectory/miama/builds/build/Miama-Regular.ttf
### Autohint TTFs (ttfautohint) Miama-Regular.ttf
$ ttfautohint -l 7 -r 28 -G 50 -x 13 -w "G" /home/travis/build/fontdirectory/miama/builds/build/Miama-Regular.ttf '/home/travis/build/fontdirectory/miama/builds/build/Miama-Regular.autohint.ttf'

$ ls -l /home/travis/build/fontdirectory/miama/builds/build/Miama-Regular.*ttf # look at the size savings of that subset process
/home/travis/build/fontdirectory/miama/builds/build/Miama-Regular.ttf: 229416 bytes
/home/travis/build/fontdirectory/miama/builds/build/Miama-Regular.autohint.ttf: 343364 bytes
$ mv /home/travis/build/fontdirectory/miama/builds/build/Miama-Regular.autohint.ttf /home/travis/build/fontdirectory/miama/builds/build/Miama-Regular.ttf
### Subset TTFs (pyftsubset) Miama-Regular.ttf
$ pyftsubset Miama-Regular.latin
$ pyftsubset Miama-Regular.menu
No nbsp glyph
spaceWidth is    210
nbspWidth is     0
Miama-Regular.ttf.fix made with spaceWidth and nbspWidth of 210
strippedname:/home/travis/build/fontdirectory/miama/builds/build/Miama-Regular.ttf
$ fontbakery-build-font2ttf.py sources/Miama.sfd Miama.ttf
Error: Could not convert to quadratic TrueType curves
### Test Miama.ttf
$ fontbakery-check.py result Miama.ttf
Could not store tests result: /home/travis/build/fontdirectory/miama/builds/build/Miama.ttf does not exists
Process Process-8:
Traceback (most recent call last):
  File "/opt/python/2.7.8/lib/python2.7/multiprocessing/process.py", line 258, in _bootstrap
    self.run()
  File "/opt/python/2.7.8/lib/python2.7/multiprocessing/process.py", line 114, in run
    self._target(*self._args, **self._kwargs)
  File "/home/travis/virtualenv/python2.7.8/lib/python2.7/site-packages/bakery_cli/pipe/build.py", line 114, in run_processes
    fontlint.run(filename, pipedata)
  File "/home/travis/virtualenv/python2.7.8/lib/python2.7/site-packages/bakery_cli/pipe/fontlint.py", line 63, in run
    log=self.bakery.logger)
  File "/home/travis/virtualenv/python2.7.8/lib/python2.7/site-packages/bakery_lint/__init__.py", line 25, in run_set
    assert os.path.exists(path), '%s does not exists' % path
AssertionError: /home/travis/build/fontdirectory/miama/builds/build/Miama.ttf does not exists
$ fontbakery-build-font2ttf.py sources/Miama-Regular-TTF.sfd Miama-Regular-TTF.ttf
Success: Generated OpenType-TTF (/home/travis/build/fontdirectory/miama/builds/build/Miama-Regular-TTF.ttf)
### Test Miama-Regular-TTF.ttf
$ fontbakery-check.py result Miama-Regular-TTF.ttf
bakery_lint.tests.downstream.test_check_font_agreements.CheckFsTypeIsNotSet.test_is_fstype_not_set(): OK
$ fontbakery-fix-fstype.py --autofix /home/travis/build/fontdirectory/miama/builds/build/Miama-Regular-TTF.ttf
$ mv /home/travis/build/fontdirectory/miama/builds/build/Miama-Regular-TTF.ttf.fix /home/travis/build/fontdirectory/miama/builds/build/Miama-Regular-TTF.ttf
bakery_lint.tests.downstream.test_check_font_agreements.CheckFontAgreements.test_em_is_1000(): OK
bakery_lint.tests.downstream.test_check_font_agreements.CheckFontAgreements.test_font_is_font(): OK
bakery_lint.tests.downstream.test_check_font_agreements.CheckFontAgreements.test_latin_file_exists(): FAIL
bakery_lint.tests.downstream.test_check_font_agreements.CheckFontAgreements.test_menu_file_exists(): FAIL
bakery_lint.tests.downstream.test_check_unencoded_glyph.TestFontUnencodedGlyph.test_font_unencoded_glyphs(): FAIL
$ fontbakery-fix-glyph-private-encoding.py --autofix /home/travis/build/fontdirectory/miama/builds/build/Miama-Regular-TTF.ttf
$ mv /home/travis/build/fontdirectory/miama/builds/build/Miama-Regular-TTF.ttf.fix /home/travis/build/fontdirectory/miama/builds/build/Miama-Regular-TTF.ttf
bakery_lint.tests.downstream.test_check_unencoded_glyph.TestFontUnencodedGlyph.test_font_unencoded_glyphs(): FAIL
bakery_lint.tests.downstream.test_check_name_table_recommendation.CheckStyleNameRecommendation.test_check_stylename_is_under_recommendations(): OK
bakery_lint.tests.downstream.test_check_name_table_recommendation.CheckOTFamilyNameRecommendation.test_check_opentype_familyname(): OK
bakery_lint.tests.downstream.test_check_name_table_recommendation.CheckOTStyleNameRecommendation.test_check_opentype_stylename(): OK
bakery_lint.tests.downstream.test_check_name_table_recommendation.CheckOTFullNameRecommendation.test_check_opentype_fullname(): FAIL
$ fontbakery-fix-opentype-names.py /home/travis/build/fontdirectory/miama/builds/build/Miama-Regular-TTF.ttf
$ mv /home/travis/build/fontdirectory/miama/builds/build/Miama-Regular-TTF.ttf.fix /home/travis/build/fontdirectory/miama/builds/build/Miama-Regular-TTF.ttf
bakery_lint.tests.downstream.test_check_name_table_recommendation.CheckOTFullNameRecommendation.test_check_opentype_fullname(): OK
bakery_lint.tests.downstream.test_check_upm_heights_less_120.TestCheckUPMHeightsLess120.test_check_upm_heigths_less_120(): FAIL
bakery_lint.tests.downstream.test_check_vertical_metrics.CheckVerticalLinegapMetrics.test_metrics_linegaps_are_zero(): OK
bakery_lint.tests.downstream.test_check_vertical_metrics.CheckVerticalAscentMetrics.test_metrics_ascents_equal_bbox(): FAIL
$ fontbakery-fix-vertical-metrics.py --autofix /home/travis/build/fontdirectory/miama/builds/build/Miama-Regular.ttf /home/travis/build/fontdirectory/miama/builds/build/Miama-Regular-TTF.ttf
$ mv /home/travis/build/fontdirectory/miama/builds/build/Miama-Regular.ttf.fix /home/travis/build/fontdirectory/miama/builds/build/Miama-Regular.ttf
$ mv /home/travis/build/fontdirectory/miama/builds/build/Miama-Regular-TTF.ttf.fix /home/travis/build/fontdirectory/miama/builds/build/Miama-Regular-TTF.ttf
$ fontbakery-fix-vertical-metrics.py /home/travis/build/fontdirectory/miama/builds/build/Miama-Regular.ttf /home/travis/build/fontdirectory/miama/builds/build/Miama-Regular-TTF.ttf
Parameter              Miama-Regular.ttf    Miama-Regular-TTF.ttf    
ymax                   857                  1715                     
hhea.ascent            1715                 1715                     
OS/2.sTypoAscender     1715                 1715                     
OS/2.usWinAscent       1715                 1715                     
ymin                   -706                 -1412                    
hhea.descent           -1412                -1412                    
OS/2.sTypoDescender    -1412                -1412                    
OS/2.usWinDescent      1412                 1412                     
hhea.lineGap           0                    0                        
OS/2.sTypoLineGap      0                    0                        
hhea total             3127                 3127                     
typo total             3127                 3127                     
win total              3127                 3127                     
UPM:Heights            1000:1563            1000:3127                
UPM:Heights %          156 %                312 %                    


bakery_lint.tests.downstream.test_check_vertical_metrics.CheckVerticalAscentMetrics.test_metrics_ascents_equal_bbox(): OK
bakery_lint.tests.downstream.test_check_vertical_metrics.CheckVerticalDescentMetrics.test_metrics_descents_equal_bbox(): OK
bakery_lint.tests.downstream.test_check_magic_prep_code.CheckMagicPREPByteCode.test_prep_magic_code(): OK
bakery_lint.tests.downstream.test_check_glyf_table_length.CheckGlyfTableLength.test_check_glyf_table_length(): FAIL
bakery_lint.tests.downstream.test_check_nbsp_width_matches_sp_width.CheckNbspWidthMatchesSpWidth.test_check_nbsp_width_matches_sp_width(): FAIL
$ fontbakery-fix-nbsp.py /home/travis/build/fontdirectory/miama/builds/build/Miama-Regular-TTF.ttf
$ mv /home/travis/build/fontdirectory/miama/builds/build/Miama-Regular-TTF.ttf.fix /home/travis/build/fontdirectory/miama/builds/build/Miama-Regular-TTF.ttf
bakery_lint.tests.downstream.test_check_nbsp_width_matches_sp_width.CheckNbspWidthMatchesSpWidth.test_check_nbsp_width_matches_sp_width(): FAIL
The following table(s) in the font have been ignored by FontForge
  Ignoring 'DSIG' digital signature table
The glyph named Delta is mapped to U+0394.
But its name indicates it should be mapped to U+2206.
The glyph named Omega is mapped to U+03A9.
But its name indicates it should be mapped to U+2126.
The glyph named mu is mapped to U+03BC.
But its name indicates it should be mapped to U+00B5.
bakery_lint.tests.downstream.test_fontforge_validation_state.FontForgeValidateStateTest.test_allowed_numbers_paths_in_composite_glyphs(): OK
bakery_lint.tests.downstream.test_fontforge_validation_state.FontForgeValidateStateTest.test_allowed_numbers_paths_in_glyphs(): OK
bakery_lint.tests.downstream.test_fontforge_validation_state.FontForgeValidateStateTest.test_allowed_numbers_points_in_composite_glyphs(): OK
bakery_lint.tests.downstream.test_fontforge_validation_state.FontForgeValidateStateTest.test_allowed_numbers_points_in_glyphs(): OK
bakery_lint.tests.downstream.test_fontforge_validation_state.FontForgeValidateStateTest.test_duplicate_glyphs(): OK
bakery_lint.tests.downstream.test_fontforge_validation_state.FontForgeValidateStateTest.test_duplicate_unicode_codepoints(): OK
bakery_lint.tests.downstream.test_fontforge_validation_state.FontForgeValidateStateTest.test_flipped_reference_in_glyphs(): OK
bakery_lint.tests.downstream.test_fontforge_validation_state.FontForgeValidateStateTest.test_missing_anchors(): OK
bakery_lint.tests.downstream.test_fontforge_validation_state.FontForgeValidateStateTest.test_missing_extrema_in_glyphs(): FAIL
bakery_lint.tests.downstream.test_fontforge_validation_state.FontForgeValidateStateTest.test_overlapped_hints(): OK
bakery_lint.tests.downstream.test_fontforge_validation_state.FontForgeValidateStateTest.test_points_are_integer_aligned(): OK
bakery_lint.tests.downstream.test_fontforge_validation_state.FontForgeValidateStateTest.test_points_are_not_too_far_apart(): OK
bakery_lint.tests.downstream.test_fontforge_validation_state.FontForgeValidateStateTest.test_postscript_hasnt_limit_hints_in_glyphs(): OK
bakery_lint.tests.downstream.test_fontforge_validation_state.FontForgeValidateStateTest.test_postscript_hasnt_limit_points_in_glyphs(): OK
bakery_lint.tests.downstream.test_fontforge_validation_state.FontForgeValidateStateTest.test_referenced_glyphs_are_present(): OK
bakery_lint.tests.downstream.test_fontforge_validation_state.FontForgeValidateStateTest.test_valid_glyph_names(): OK
bakery_lint.tests.downstream.test_fontforge_validation_state.FontForgeValidateStateTest.test_valid_length_instructions(): OK
bakery_lint.tests.downstream.test_fontforge_validation_state.FontForgeValidateStateTest.test_validation_glyph_intersect(): OK
bakery_lint.tests.downstream.test_fontforge_validation_state.FontForgeValidateStateTest.test_validation_open_contours(): OK
bakery_lint.tests.downstream.test_fontforge_validation_state.FontForgeValidateStateTest.test_wrong_direction_in_glyphs(): OK
bakery_lint.tests.downstream.test_gpos_table_has_kerning_info.CheckGposTableHasKerningInfo.test_gpos_table_has_kerning_info(): OK
bakery_lint.tests.downstream.test_check_font_tables.CheckFontHasDsigTable.test_check_font_has_dsig_table(): OK
bakery_lint.tests.downstream.test_check_font_tables.CheckFontHasNotKernTable.test_no_kern_table_exists(): OK
bakery_lint.tests.downstream.test_check_license_included.CheckLicenseIncluded.test_license_included_in_font_names(): OK
bakery_lint.tests.downstream.test_check_no_problematic_formats.CheckNoProblematicFormats.test_check_no_problematic_formats(): OK
bakery_lint.tests.downstream.test_check_full_font_name_begins_with_family_name.CheckFullFontNameBeginsWithFamilyName.test_check_full_font_name_begins_with_family_name(): OK
bakery_lint.tests.downstream.test_check_unused_glyph_data.CheckUnusedGlyphData.test_check_unused_glyph_data(): ERROR
bakery_lint.tests.downstream.test_check_panose_identification.CheckPanoseIdentification.test_check_panose_identification(): OK
bakery_lint.tests.downstream.test_check_names_same_across_platforms.CheckNamesSameAcrossPlatforms.test_check_names_same_across_platforms(): OK
bakery_lint.tests.downstream.test_check_glyph_existence.CheckGlyphExistence.test_euro(): OK
bakery_lint.tests.downstream.test_check_glyph_existence.CheckGlyphExistence.test_nbsp(): OK
bakery_lint.tests.downstream.test_check_glyph_existence.CheckGlyphExistence.test_space(): OK
bakery_lint.tests.downstream.test_gasp_table_value.CheckGaspTableType.test_check_gasp_table_type(): OK
$ fontbakery-fix-gasp.py --set=15 /home/travis/build/fontdirectory/miama/builds/build/Miama-Regular-TTF.ttf
$ mv /home/travis/build/fontdirectory/miama/builds/build/Miama-Regular-TTF.ttf.fix /home/travis/build/fontdirectory/miama/builds/build/Miama-Regular-TTF.ttf
bakery_lint.tests.downstream.test_names_are_ascii_only.CheckNamesAreASCIIOnly.test_check_names_are_ascii_only(): OK
bakery_lint.tests.downstream.test_check_os2_width_class.CheckOS2WidthClass.test_check_os2_width_class(): OK
bakery_lint.tests.downstream.test_check_fontname_matches_macstyle.CheckFontNameEqualToMacStyleFlags.test_fontname_is_equal_to_macstyle(): FAIL
bakery_lint.tests.downstream.test_check_italic_angle_agreement.CheckItalicAngleAgreement.test_check_italic_angle_agreement(): FAIL
bakery_lint.tests.downstream.test_check_hmtx_hhea_max_advance_width_agreement.CheckHmtxHheaMaxAdvanceWidthAgreement.test_check_hmtx_hhea_max_advance_width_agreement(): OK
### Optimize TTF Miama-Regular-TTF.ttf
$ ls -l 'Miama-Regular-TTF.ttf'* # look at the size savings of that subset process
Miama-Regular-TTF.ttf.opt: 260700 bytes
Miama-Regular-TTF.ttf: 272952 bytes
$ mv /home/travis/build/fontdirectory/miama/builds/build/Miama-Regular-TTF.ttf.opt /home/travis/build/fontdirectory/miama/builds/build/Miama-Regular-TTF.ttf
### Autohint TTFs (ttfautohint) Miama-Regular-TTF.ttf
$ ttfautohint -l 7 -r 28 -G 50 -x 13 -w "G" /home/travis/build/fontdirectory/miama/builds/build/Miama-Regular-TTF.ttf '/home/travis/build/fontdirectory/miama/builds/build/Miama-Regular-TTF.autohint.ttf'

$ ls -l /home/travis/build/fontdirectory/miama/builds/build/Miama-Regular-TTF.*ttf # look at the size savings of that subset process
/home/travis/build/fontdirectory/miama/builds/build/Miama-Regular-TTF.ttf: 260700 bytes
/home/travis/build/fontdirectory/miama/builds/build/Miama-Regular-TTF.autohint.ttf: 396504 bytes
$ mv /home/travis/build/fontdirectory/miama/builds/build/Miama-Regular-TTF.autohint.ttf /home/travis/build/fontdirectory/miama/builds/build/Miama-Regular-TTF.ttf
### Subset TTFs (pyftsubset) Miama-Regular-TTF.ttf
$ pyftsubset Miama-Regular-TTF.latin
$ pyftsubset Miama-Regular-TTF.menu
No nbsp glyph
spaceWidth is    420
nbspWidth is     0
Miama-Regular-TTF.ttf.fix made with spaceWidth and nbspWidth of 420
strippedname:/home/travis/build/fontdirectory/miama/builds/build/Miama-Regular-TTF.ttf
### (5 of 6) Generate METADATA.json (fontbakery-build-metadata.py)
$ fontbakery-build-metadata.py /home/travis/build/fontdirectory/miama/builds/build
{} exists
Designer's name from font is: Linus Romer
Original size: 343364\nGzip size: 114656
Family Name: Miama
PS Name: Miama
Full Name: Miama
Style: italic
Weight: 400
Filename: Miama-Regular.ttf
Copyright: Copyright (c) 2008-2010, Linus Romer, with Reserved Font Name Miama.\n\nThis Font Software is licensed under the SIL Open Font License, Version 1.1.
Family Name: Miama
PS Name: Miama-Regular
Full Name: Miama
Style: italic
Weight: 400
Filename: Miama-Regular-TTF.ttf
Copyright: Copyright (c) 2008-2011, Linus Romer, with Reserved Font Name Miama.\n\nThis Font Software is licensed under the SIL Open Font License, Version 1.1.
### (6 of 6) Run tests for METADATA.json
$ fontbakery-check.py metadata METADATA.json
bakery_lint.tests.metadata_test.MetadataSubsetsListTest.test_charset_greek(): FAIL
bakery_lint.tests.metadata_test.MetadataSubsetsListTest.test_charset_greek_ext(): FAIL
bakery_lint.tests.metadata_test.MetadataSubsetsListTest.test_charset_latin(): OK
bakery_lint.tests.metadata_test.MetadataSubsetsListTest.test_charset_latin_ext(): FAIL
bakery_lint.tests.metadata_test.MetadataSubsetsListTest.test_charset_menu(): OK
bakery_lint.tests.metadata_test.MetadataTest.test_description_is_more_than_500b(): OK
bakery_lint.tests.metadata_test.MetadataTest.test_description_is_valid_html(): FAIL
bakery_lint.tests.metadata_test.MetadataTest.test_does_not_familyName_exist_in_daltonmaag_catalogue(): FAIL
bakery_lint.tests.metadata_test.MetadataTest.test_does_not_familyName_exist_in_fontbureau_catalogue(): OK
bakery_lint.tests.metadata_test.MetadataTest.test_does_not_familyName_exist_in_fontscom_catalogue(): OK
bakery_lint.tests.metadata_test.MetadataTest.test_does_not_familyName_exist_in_fontshop_catalogue(): FAIL
bakery_lint.tests.metadata_test.MetadataTest.test_does_not_familyName_exist_in_fontsmith_catalogue(): FAIL
bakery_lint.tests.metadata_test.MetadataTest.test_does_not_familyName_exist_in_houseind_catalogue(): OK
bakery_lint.tests.metadata_test.MetadataTest.test_does_not_familyName_exist_in_myfonts_catalogue(): OK
bakery_lint.tests.metadata_test.MetadataTest.test_does_not_familyName_exist_in_veer_catalogue(): OK
bakery_lint.tests.metadata_test.MetadataTest.test_family_is_listed_in_gwf(): FAIL
bakery_lint.tests.metadata_test.MetadataTest.test_metadata_atleast_latin_menu_subsets_exist(): OK
/home/travis/virtualenv/python2.7.8/lib/python2.7/site-packages/bakery_lint/tests/metadata_test.py:141: UnicodeWarning: Unicode equal comparison failed to convert both arguments to Unicode - interpreting them as being unequal
  self.assertTrue(designer in designers,
bakery_lint.tests.metadata_test.MetadataTest.test_metadata_designer_exists_in_profiles_csv(): OK
bakery_lint.tests.metadata_test.MetadataTest.test_metadata_fonts_items_dicts(): OK
bakery_lint.tests.metadata_test.MetadataTest.test_metadata_fonts_key_list(): OK
bakery_lint.tests.metadata_test.MetadataTest.test_metadata_fonts_no_dupes(): OK
bakery_lint.tests.metadata_test.MetadataTest.test_metadata_has_unique_style_weight_pairs(): OK
bakery_lint.tests.metadata_test.MetadataTest.test_metadata_keys(): OK
bakery_lint.tests.metadata_test.MetadataTest.test_metadata_license(): OK
bakery_lint.tests.metadata_test.MetadataTest.test_metadata_no_unknown_top_keys(): OK
bakery_lint.tests.metadata_test.MetadataTest.test_metadata_subsets_key_list(): OK
bakery_lint.tests.metadata_test.MetadataTest.test_metadata_top_keys_types(): OK
bakery_lint.tests.downstream.test_check_font_name_not_in_camelcase.CheckFontNameNotInCamelCase.test_fontname_not_in_camel_case(): OK
bakery_lint.tests.downstream.test_check_familyname_matches_fontnames.CheckFamilyNameMatchesFontNames.test_check_familyname_matches_fontnames(): OK
bakery_lint.tests.downstream.test_check_text_files_exist.CheckTextFilesExist.test_copyrighttxt_exists(): FAIL
bakery_lint.tests.downstream.test_check_text_files_exist.CheckTextFilesExist.test_description_exists(): OK
bakery_lint.tests.downstream.test_check_text_files_exist.CheckTextFilesExist.test_fontlogtxt_exists(): FAIL
bakery_lint.tests.downstream.test_check_text_files_exist.CheckTextFilesExist.test_licensetxt_exists(): FAIL
bakery_lint.tests.downstream.test_check_menu_contains_proper_glyphs.CheckMenuSubsetContainsProperGlyphs.test_check_menu_contains_proper_glyphs(): FAIL
bakery_lint.tests.downstream.test_check_canonical_filenames.CheckCanonicalFilenames.test_check_canonical_filenames(): FAIL
bakery_lint.tests.downstream.test_metadata_agreements.TestFontOnDiskFamilyEqualToMetadataJSON.test_font_on_disk_family_equal_in_metadata_json(): OK
bakery_lint.tests.downstream.test_metadata_agreements.TestPostScriptNameInMetadataEqualFontOnDisk.test_postscriptname_in_metadata_equal_to_font_on_disk(): FAIL
bakery_lint.tests.downstream.test_metadata_agreements.CheckMetadataAgreements.test_font_name_matches_family(): OK
bakery_lint.tests.downstream.test_metadata_agreements.CheckMetadataAgreements.test_metadata_family_values_are_all_the_same(): OK
bakery_lint.tests.downstream.test_metadata_agreements.CheckMetadataAgreements.test_metadata_filename_matches_postscriptname(): OK
bakery_lint.tests.downstream.test_metadata_agreements.CheckMetadataAgreements.test_metadata_font_have_regular(): FAIL
bakery_lint.tests.downstream.test_metadata_agreements.CheckMetadataAgreements.test_metadata_fonts_fields_have_fontname(): OK
bakery_lint.tests.downstream.test_metadata_agreements.CheckMetadataAgreements.test_metadata_fullname_is_equal_to_internal_font_fullname(): OK
bakery_lint.tests.downstream.test_metadata_agreements.CheckMetadataAgreements.test_metadata_fullname_matches_postScriptName(): FAIL
bakery_lint.tests.downstream.test_metadata_agreements.CheckMetadataAgreements.test_metadata_regular_is_400(): OK
bakery_lint.tests.downstream.test_metadata_agreements.CheckMetadataAgreements.test_metadata_regular_is_normal(): FAIL
bakery_lint.tests.downstream.test_check_metadata_style_matches_names.CheckItalicStyleMatchesMacStyle.test_check_italic_style_matches_names(): FAIL
bakery_lint.tests.downstream.test_check_metadata_style_matches_names.CheckNormalStyleMatchesMacStyle.test_check_normal_style_matches_names(): OK
bakery_lint.tests.downstream.test_check_files_menu_agreements.CheckFontsMenuAgreements.test_menu_file_agreement(): OK
bakery_lint.tests.downstream.test_check_metadata_fields.CheckMetadataFields.test_check_metadata_fields(): OK
bakery_lint.tests.downstream.test_check_canonical_styles.CheckCanonicalStyles.test_check_canonical_styles(): OK
bakery_lint.tests.downstream.test_check_glyph_consistency.CheckGlyphConsistencyInFamily.test_the_same_encodings_of_glyphs_across_family(): OK
bakery_lint.tests.downstream.test_check_glyph_consistency.CheckGlyphConsistencyInFamily.test_the_same_names_of_glyphs_across_family(): OK
bakery_lint.tests.downstream.test_check_glyph_consistency.CheckGlyphConsistencyInFamily.test_the_same_number_of_glyphs_across_family(): OK
bakery_lint.tests.downstream.test_check_subsets_exists.CheckSubsetsExist.test_check_subsets_exists(): FAIL
bakery_lint.tests.downstream.test_metadata_font_copyright.CheckMetadataContainsReservedFontName.test_copyright_contains_correct_rfn(): OK
bakery_lint.tests.downstream.test_metadata_font_copyright.CheckMetadataContainsReservedFontName.test_copyright_is_consistent_across_family(): OK
bakery_lint.tests.downstream.test_metadata_font_copyright.CheckMetadataContainsReservedFontName.test_copyright_matches_pattern(): FAIL
bakery_lint.tests.downstream.test_metadata_font_copyright.CheckMetadataContainsReservedFontName.test_metadata_copyright_size(): OK
bakery_lint.tests.downstream.test_check_monospace_agreements.CheckMonospaceAgreement.test_check_monospace_agreement(): OK
bakery_lint.tests.downstream.test_check_canonical_weights.CheckCanonicalWeights.test_check_canonical_weights(): OK
bakery_lint.tests.downstream.test_check_canonical_weights.CheckPostScriptNameMatchesWeight.test_postscriptname_contains_correct_weight(): OK
bakery_lint.tests.downstream.test_check_canonical_weights.CheckFontWeightSameAsInMetadata.test_font_weight_same_as_in_metadata(): OK
bakery_lint.tests.downstream.test_check_canonical_weights.CheckFullNameEqualCanonicalName.test_metadata_contains_current_font(): OK
bakery_lint.tests.downstream.test_check_metadata_matches_nametable.CheckMetadataMatchesNameTable.test_check_metadata_matches_nametable(): OK
{
  "name": "Miama", 
  "designer": "Linus Romer", 
  "license": "OFL", 
  "visibility": "Sandbox", 
  "category": "Handwriting", 
  "size": 108364, 
  "fonts": [
    {
      "name": "Miama", 
      "postScriptName": "Miama", 
      "fullName": "Miama", 
      "style": "italic", 
      "weight": 400, 
      "filename": "Miama-Regular.ttf", 
      "copyright": "Copyright (c) 2008-2010, Linus Romer, with Reserved Font Name Miama.\n\nThis Font Software is licensed under the SIL Open Font License, Version 1.1."
    }, 
    {
      "name": "Miama", 
      "postScriptName": "Miama-Regular", 
      "fullName": "Miama", 
      "style": "italic", 
      "weight": 400, 
      "filename": "Miama-Regular-TTF.ttf", 
      "copyright": "Copyright (c) 2008-2011, Linus Romer, with Reserved Font Name Miama.\n\nThis Font Software is licensed under the SIL Open Font License, Version 1.1."
    }
  ], 
  "subsets": [
    "latin", 
    "menu"
  ], 
  "dateAdded": "2012-05-09"
}
